ssd1306.c:123:6:SSD1306_ToggleInvert	0	static
ssd1306.c:135:6:SSD1306_Fill	8	static
ssd1306.c:140:6:SSD1306_DrawPixel	8	static
ssd1306.c:162:6:SSD1306_GotoXY	0	static
ssd1306.c:168:6:SSD1306_Putc	40	static
ssd1306.c:199:6:SSD1306_Puts	16	static
ssd1306.c:217:6:SSD1306_DrawLine	48	static
ssd1306.c:301:6:SSD1306_DrawRectangle	40	static
ssd1306.c:326:6:SSD1306_DrawFilledRectangle	40	static
ssd1306.c:353:6:SSD1306_DrawTriangle	48	static
ssd1306.c:361:6:SSD1306_DrawFilledTriangle	80	static
ssd1306.c:417:6:SSD1306_DrawCircle	56	static
ssd1306.c:451:6:SSD1306_DrawFilledCircle	64	static
ssd1306.c:503:6:ssd1306_I2C_Init	0	static
ssd1306.c:515:6:ssd1306_I2C_WriteMulti	24	dynamic
ssd1306.c:525:6:ssd1306_I2C_Write	24	static
ssd1306.c:110:6:SSD1306_UpdateScreen	16	static
ssd1306.c:47:9:SSD1306_Init	8	static
ssd1306.c:482:6:SSD1306_ON	8	static
ssd1306.c:487:6:SSD1306_OFF	8	static
